table 0:
`int`
`float`
`char`

table 1:
variable `foo` type of function() returning `int`

tree 0:
funtion: 
       foo


