table 0:
`int`
`float`
`char`

table 1:
variable `foo` type of function(variable `abstract-0` type of `int`) returning `int`

tree 0:
funtion: 
       foo
args: 
              1


