[Ln: 3, Col: 10] Error: expression must have a constant value
