table 0:
`int`
`float`
`char`

table 1:
variable `p` type of pointer to `char`
variable `a` type of array 5 of `int`

tree 0:
         p
    = <
       "qwerty"

tree 1:
         p
    + <
   array: 
              a
   index: 
              0

