[Ln: 5, Col: 5] Error: expression must have integral type
