table 0:
`int`
`float`
`char`

table 1:
variable `a` type of `float`

tree 0:
         a
    = <
                           1.1
              + <
                             1

