table 0:
`int`
`float`
`char`

table 1:
variable `a` type of array 10 of `int`

tree 0:
         a
    + <
         1

tree 1:
         1
    + <
         a

