table 0:
`int`
`float`
`char`

table 1:
variable `p1` type of pointer to `int`
variable `p2` type of pointer to `int`

tree 0:
        p1
    - <
        p2

