[Ln: 5, Col: 5] Error: expression must be a modifiable lvalue
