table 0:
`int`
`float`
`char`

tree 0:
              4
    % <
            'a'

