table 0:
`int`
`float`
`char`

table 1:
struct `st`

