tree 1:
[Ln: 1, Col: 9] Error: Expected an expression
