tree 1:
              a
         + <
              b
    + <
         c
+ <
    d

tree 2:
[Ln: 1, Col: 13] Error: Expected an expression
