table 0:
`int`
`float`
`char`

table 1:
variable `a` type of `int`

stmt 0:
exprassion:
    a


