table 0:
`int`
`float`
`char`

stmt 0:
while
    1
body:
{
}

