tree 1:
[Ln: 1, Col: 3] Error: expected an expression
