tree 1:
                   a
              + <
                   b
         + <
              c
    + <
                        d
                   + <
                        g
              + <
                   h
         + <
              z
+ <
         e
    + <
         n

