tree 1:
[Ln: 1, Col: 7] Error: expected an expression
