tree 1:
a

tree 2:
[Ln: 1, Col: 7] Error: expected an expression
