tree 1:
funtion: 
                   a
         + <
                   b
args: 
                   a
         + <
                   b


