tree 1:
         a
+ <
                   b
         + <
                             c
                   + <
                                       e
                             + <
                                                 g
                                       + <
                                                           h
                                                 + <
                                                           i

