tree 1:
    a
+ <
    b

tree 2:
    c
/ <
    d

