tree 1:
                   a
        -> <
                             b
                  -> <
                     funtion: 
                                       c

!

