tree 1:
   array: 
                   b
   index: 
                   2
-> <
 funtion: 
                   a
    args: 
                  23


