tree 1:
             array: 
                     funtion: 
                               funtion: 
                                                 b
                                  args: 
                                                 2

                        args: 
                                       3
                                       4

             index: 
                       array: 
                                       a
                       index: 
                                       2
         -
= <
                   c
         = <
                                       c
                             -
                   - <
                             a

