tree 1:
funtion: 
   array: 
                   a
   index: 
                   x


