[Ln: 1, Col: 6] Error: invalid floating constant.
