[Ln: 1, Col: 7] Error: Invalid floating constant.
