type: STRING		ln: 1		pos: 2		lx: ""		val: 

[Ln: 1, Col: 4] Error: Missing closing quote.
