type: CONSTANT		ln: 1		pos: 5		lx: 12345		val: 12345

[Ln: 1, Col: 6] Error: Unknown lexeme.
