[Ln: 1, Col: 3] Error: Invalid character constant.
