test 001: Ok
test 002: Ok
test 003: Ok
test 004: Ok
test 005: Ok
test 006: Ok
test 007: Ok
test 010: Ok
test 011: Ok
test 012: Ok
test 013: Ok
test 014: Ok
test 015: Ok
test 016: Ok
test 017: Ok
test 020: Ok
test 021: Ok
test 022: Ok
test 023: Ok
test 024: Ok
test 025: Ok
test 026: Ok
test 028: Ok
test 029: Ok
test 030: Ok
test 032: Ok
test 033: Ok
test 034: Ok
test 035: Ok
test 036: Ok
test 037: Ok
test 038: Ok
test 039: Ok
test 040: Ok
test 041: Ok
test 042: Ok
test 043: Ok
test 044: Ok
test 045: Ok
test 046: Ok
test 047: Ok
test 048: Ok
test 049: Ok
test 050: Ok
test 051: Ok
test 052: Ok
test 053: Ok
test 054: Ok
test 055: Ok
test 056: Ok
test 062: Ok
test 063: Ok
test 064: Ok
test 065: Ok
test 066: Ok
test 067: Ok
test 068: Ok
test 069: Ok
test 070: Ok
test 071: Ok
test 095: Ok
test 096: Ok
test 097: Ok
