table 0:
`int`
`float`
`char`

table 1:
variable `main` type of function() returning `int`
{
variable `a` type of `int`
        a
    = <
        1

for
#1 
    a
= <
    0
#2 
    a
< <
    6
#3 
    a
+= <
    2
{
    function:     printf
        format:     "bodyFor\n"


}
return
    0
}


