table 0:
`int`
`float`
`char`

table 1:
variable `main` type of function() returning `int`
{
variable `a` type of `int`
        a
    = <
        3

while
    a
{
        a
    -= <
        1

    function:     printf
        format:     "bodyFor\n"


}
return
    0
}


