table 0:
`int`
`float`
`char`

table 1:
variable `main` type of function() returning `int`
{
return
    49
}


